fr\onsiea\tools\logger\BaseLogger.class
fr\onsiea\tools\logger\utils\FileUtils.class
fr\onsiea\tools\logger\ILogger.class
fr\onsiea\tools\logger\utils\LogUtils.class
fr\onsiea\tools\logger\utils\Style.class
fr\onsiea\tools\logger\FileLogger.class
fr\onsiea\tools\logger\utils\DateUtils.class
fr\onsiea\tools\logger\tag\TagParser.class
fr\onsiea\tools\logger\utils\Style$BackColorIntensity.class
fr\onsiea\tools\logger\Loggers.class
fr\onsiea\tools\logger\tag\ITagFunction.class
fr\onsiea\tools\logger\tag\TagFunctions.class
fr\onsiea\tools\logger\StreamLogger.class
fr\onsiea\tools\logger\OnsieaLogger.class
fr\onsiea\tools\logger\tag\TagParser$TagParsingResult.class
fr\onsiea\tools\logger\utils\TimeUtils.class
fr\onsiea\tools\logger\utils\Style$BackColor.class
fr\onsiea\tools\logger\FileLogger$Builder.class
fr\onsiea\tools\logger\EnumSeverity.class
fr\onsiea\tools\logger\utils\Style$ForeColor.class
fr\onsiea\tools\logger\utils\Style$Color.class
fr\onsiea\tools\logger\ConsoleLogger.class
fr\onsiea\tools\logger\tag\TagInfo.class
