P:\Java\ide\intellij\onsiea\tools\OnsieaLogger\src\main\java\fr\onsiea\tools\logger\FileLogger.java
P:\Java\ide\intellij\onsiea\tools\OnsieaLogger\src\main\java\fr\onsiea\tools\logger\utils\LogUtils.java
P:\Java\ide\intellij\onsiea\tools\OnsieaLogger\src\main\java\fr\onsiea\tools\logger\StreamLogger.java
P:\Java\ide\intellij\onsiea\tools\OnsieaLogger\src\main\java\fr\onsiea\tools\logger\ConsoleLogger.java
P:\Java\ide\intellij\onsiea\tools\OnsieaLogger\src\main\java\fr\onsiea\tools\logger\tag\TagInfo.java
P:\Java\ide\intellij\onsiea\tools\OnsieaLogger\src\main\java\fr\onsiea\tools\logger\utils\Style.java
P:\Java\ide\intellij\onsiea\tools\OnsieaLogger\src\main\java\fr\onsiea\tools\logger\tag\ITagFunction.java
P:\Java\ide\intellij\onsiea\tools\OnsieaLogger\src\main\java\fr\onsiea\tools\logger\EnumSeverity.java
P:\Java\ide\intellij\onsiea\tools\OnsieaLogger\src\main\java\fr\onsiea\tools\logger\ILogger.java
P:\Java\ide\intellij\onsiea\tools\OnsieaLogger\src\main\java\fr\onsiea\tools\logger\tag\TagFunctions.java
P:\Java\ide\intellij\onsiea\tools\OnsieaLogger\src\main\java\fr\onsiea\tools\logger\tag\TagParser.java
P:\Java\ide\intellij\onsiea\tools\OnsieaLogger\src\main\java\fr\onsiea\tools\logger\utils\DateUtils.java
P:\Java\ide\intellij\onsiea\tools\OnsieaLogger\src\main\java\fr\onsiea\tools\logger\utils\TimeUtils.java
P:\Java\ide\intellij\onsiea\tools\OnsieaLogger\src\main\java\fr\onsiea\tools\logger\BaseLogger.java
P:\Java\ide\intellij\onsiea\tools\OnsieaLogger\src\main\java\fr\onsiea\tools\logger\Loggers.java
P:\Java\ide\intellij\onsiea\tools\OnsieaLogger\src\main\java\fr\onsiea\tools\logger\utils\FileUtils.java
P:\Java\ide\intellij\onsiea\tools\OnsieaLogger\src\main\java\fr\onsiea\tools\logger\OnsieaLogger.java
